[www.paypalobjects.com/webcaptcha/ngrlCaptcha.min.js]
[backblue.gif]
[fade.gif]
[index.html]
[www.paypalobjects.com/en_US/i/icon/pp_favicon_x.ico]
[www.paypalobjects.com/webstatic/icon/pp64.png]
[www.paypalobjects.com/web/res/4d0/e555934aad7274530d6806de4b918/css/contextualLoginElementalUIv2.css]
[www.paypalobjects.com/web/res/4d0/e555934aad7274530d6806de4b918/js/lib/modernizr-2.6.1.js]
[www.paypalobjects.com/images/shared/icon-PN-check.png]
[www.paypalobjects.com/images/shared/glyph_alert_critical_big-2x.png]
[www.paypalobjects.com/rdaAssets/fraudnet/sync/fn-sync-telemetry-min.js]
[www.paypalobjects.com/web/res/4d0/e555934aad7274530d6806de4b918/js/signin-split.js]
[www.paypalobjects.com/pa/js/min/pa.js]
[www.paypalobjects.com/web/res/4d0/e555934aad7274530d6806de4b918/js/lib/datadog-rum.js]
[www.paypalobjects.com/webcaptcha/grcenterprise_v3_static.html]
[www.paypalobjects.com/webcaptcha/grcenterprise_v3_static.js]
[www.sandbox.paypal.com/signin8f64.html]
[www.paypalobjects.com/webstatic/mktg/2014design/fonts/v1.1/PP-Utility-v1.11034.eot]
[www.paypalobjects.com/webstatic/mktg/2014design/fonts/v1.1/PP-Utility-v1.1d41d.eot]
[www.paypalobjects.com/webstatic/mktg/2014design/fonts/v1.1/PP-Utility-v1.11034.woff]
[www.paypalobjects.com/webstatic/mktg/2014design/fonts/v1.1/PP-Utility-v1.11034.ttf]
[www.paypalobjects.com/webstatic/mktg/2014design/fonts/v1.1/PP-Utility-v1.11034.svg]
[www.paypalobjects.com/webstatic/mktg/2014design/fonts/v1.1/PP-Web-v1.11034.eot]
[www.paypalobjects.com/webstatic/mktg/2014design/fonts/v1.1/PP-Web-v1.1d41d.eot]
[www.paypalobjects.com/webstatic/mktg/2014design/fonts/v1.1/PP-Web-v1.11034.woff]
[www.paypalobjects.com/webstatic/mktg/2014design/fonts/v1.1/PP-Web-v1.11034.ttf]
[www.paypalobjects.com/webstatic/mktg/2014design/fonts/v1.1/PP-Web-v1.11034.svg]
[www.paypalobjects.com/webstatic/fnt/cweb/paypal-icons_1-0-3/PayPalIcons-Regular.eot]
[www.paypalobjects.com/webstatic/fnt/cweb/paypal-icons_1-0-3/PayPalIcons-Regulard41d.eot]
[www.paypalobjects.com/webstatic/fnt/cweb/paypal-icons_1-0-3/PayPalIcons-Regular.woff]
[www.paypalobjects.com/webstatic/fnt/cweb/paypal-icons_1-0-3/PayPalIcons-Regular.ttf]
[www.paypalobjects.com/webstatic/fnt/cweb/paypal-icons_1-0-3/PayPalIcons-Regular.svg]
[www.paypalobjects.com/webstatic/mktg/2014design/font/PP-Sans/PayPalSansBig-Bold.eot]
[www.paypalobjects.com/webstatic/mktg/2014design/font/PP-Sans/PayPalSansBig-Boldd41d.eot]
[www.paypalobjects.com/webstatic/mktg/2014design/font/PP-Sans/PayPalSansBig-Bold.woff]
[www.paypalobjects.com/webstatic/mktg/2014design/font/PP-Sans/PayPalSansBig-Bold.svg]
[www.paypalobjects.com/webstatic/mktg/2014design/font/PP-Sans/PayPalSansBig-Light.eot]
[www.paypalobjects.com/webstatic/mktg/2014design/font/PP-Sans/PayPalSansBig-Lightd41d.eot]
[www.paypalobjects.com/paypal-ui/fonts/PayPalSansBig-Light.woff2]
[www.paypalobjects.com/webstatic/mktg/2014design/font/PP-Sans/PayPalSansBig-Light.svg]
[www.paypalobjects.com/webstatic/mktg/2014design/font/PP-Sans/PayPalSansBig-Medium.eot]
[www.paypalobjects.com/webstatic/mktg/2014design/font/PP-Sans/PayPalSansBig-Mediumd41d.eot]
[www.paypalobjects.com/paypal-ui/fonts/PayPalSansBig-Medium.woff2]
[www.paypalobjects.com/webstatic/mktg/2014design/font/PP-Sans/PayPalSansBig-Medium.svg]
[www.paypalobjects.com/webstatic/mktg/2014design/font/PP-Sans/PayPalSansBig-Regular.eot]
[www.paypalobjects.com/webstatic/mktg/2014design/font/PP-Sans/PayPalSansBig-Regulard41d.eot]
[www.paypalobjects.com/paypal-ui/fonts/PayPalSansBig-Regular.woff2]
[www.paypalobjects.com/webstatic/mktg/2014design/font/PP-Sans/PayPalSansBig-Regular.svg]
[www.paypalobjects.com/webstatic/mktg/2014design/font/PP-Sans/PayPalSansBig-Thin.eot]
[www.paypalobjects.com/webstatic/mktg/2014design/font/PP-Sans/PayPalSansBig-Thind41d.eot]
[www.paypalobjects.com/webstatic/mktg/2014design/font/PP-Sans/PayPalSansBig-Thin.woff]
[www.paypalobjects.com/webstatic/mktg/2014design/font/PP-Sans/PayPalSansBig-Thin.svg]
[www.paypalobjects.com/webstatic/mktg/2014design/font/PP-Sans/PayPalSansSmall-Bold.eot]
[www.paypalobjects.com/webstatic/mktg/2014design/font/PP-Sans/PayPalSansSmall-Boldd41d]
[www.paypalobjects.com/webstatic/mktg/2014design/font/PP-Sans/PayPalSansSmall-Bold.woff]
[www.paypalobjects.com/webstatic/mktg/2014design/font/PP-Sans/PayPalSansSmall-Bold.svg]
[www.paypalobjects.com/webstatic/mktg/2014design/font/PP-Sans/PayPalSansSmall-Light.eot]
[www.paypalobjects.com/webstatic/mktg/2014design/font/PP-Sans/PayPalSansSmall-Lightd41d.eot]
[www.paypalobjects.com/webstatic/mktg/2014design/font/PP-Sans/PayPalSansSmall-Light.woff]
[www.paypalobjects.com/webstatic/mktg/2014design/font/PP-Sans/PayPalSansSmall-Light.svg]
[www.paypalobjects.com/webstatic/mktg/2014design/font/PP-Sans/PayPalSansSmall-Medium.eot]
[www.paypalobjects.com/webstatic/mktg/2014design/font/PP-Sans/PayPalSansSmall-Mediumd41d.eot]
[www.paypalobjects.com/webstatic/mktg/2014design/font/PP-Sans/PayPalSansSmall-Medium.woff]
[www.paypalobjects.com/webstatic/mktg/2014design/font/PP-Sans/PayPalSansSmall-Medium.svg]
[www.paypalobjects.com/webstatic/mktg/2014design/font/PP-Sans/PayPalSansSmall-Regular.eot]
[www.paypalobjects.com/webstatic/mktg/2014design/font/PP-Sans/PayPalSansSmall-Regulard41d.eot]
[www.paypalobjects.com/webstatic/mktg/2014design/font/PP-Sans/PayPalSansSmall-Regular.woff]
[www.paypalobjects.com/webstatic/mktg/2014design/font/PP-Sans/PayPalSansSmall-Regular.svg]
[www.paypalobjects.com/webstatic/mktg/2014design/font/PP-Sans/PayPalSansSmall-Thin.eot]
[www.paypalobjects.com/webstatic/mktg/2014design/font/PP-Sans/PayPalSansSmall-Thind41d.eot]
[www.paypalobjects.com/webstatic/mktg/2014design/font/PP-Sans/PayPalSansSmall-Thin.woff]
[www.paypalobjects.com/webstatic/mktg/2014design/font/PP-Sans/PayPalSansSmall-Thin.svg]
[www.paypalobjects.com/paypal-ui/fonts/PayPalOpen-Bold.woff2]
[www.paypalobjects.com/paypal-ui/fonts/PayPalOpen-Bold.woff]
[www.paypalobjects.com/paypal-ui/fonts/PayPalOpen-Regular.woff2]
[www.paypalobjects.com/paypal-ui/fonts/PayPalOpen-Regular.woff]
[www.paypalobjects.com/paypal-ui/fonts/PayPalOpen-Medium.woff2]
[www.paypalobjects.com/webstatic/i/consumer/onboarding/sprite_form_2x.png]
[www.paypalobjects.com/web/res/4d0/e555934aad7274530d6806de4b918/css/sprite_form.png]
[www.paypalobjects.com/web/res/4d0/e555934aad7274530d6806de4b918/css/sprite_form_2x.png]
[www.paypalobjects.com/images/shared/icon_alert_sprite-2x.png]
[www.paypalobjects.com/webstatic/mktg/consumer/onboarding/ui-sprite.png]
[www.paypalobjects.com/webstatic/i/consumer/onboarding/icon_PP_monogram_2x.png]
[www.paypalobjects.com/images/shared/sprite-browsers.png]
[www.paypalobjects.com/images/shared/remember-me-Interstitial-image.png]
[www.paypalobjects.com/images/shared/remember-me-Interstitial-image_2x.png]
[www.paypalobjects.com/paypal-ui/logos/svg/paypal-mark-color.svg]
[www.paypalobjects.com/images/unifiedLogin/Passkey.svg]
[www.paypalobjects.com/images/shared/paypal-logo-129x32.png]
[www.paypalobjects.com/images/shared/paypal-logo-129x32.svg]
[www.paypalobjects.com/ice/assets/paypal/images/refresh_blue.png]
[www.paypalobjects.com/webstatic/checkout/hermes/icon_loader_med.gif]
[www.paypalobjects.com/images/checkout/hermes/icon_ot_spin_lock_skinny.png]
[www.paypalobjects.com/images/shared/icon-sprite2-2x.png]
[www.paypalobjects.com/images/shared/icon-sprite2-1x.png]
[www.paypalobjects.com/images/shared/lg-attention-warning.png]
[www.paypalobjects.com/images/shared/successCheckmark2x.png]
[www.paypalobjects.com/images/shared/successCheckmark.png]
[www.paypalobjects.com/images/shared/onetouch-desktop.png]
[www.paypalobjects.com/images/shared/onetouch-desktop_2x.png]
[www.paypalobjects.com/images/shared/onetouch-mobile.png]
[www.paypalobjects.com/images/shared/onetouch-mobile_2x.png]
[www.paypalobjects.com/images/shared/success-animation.gif]
[www.paypalobjects.com/images/shared/success-animation_2x.gif]
[www.paypalobjects.com/images/shared/icon-x.png]
[www.paypalobjects.com/images/shared/monogram-small@2x.png]
[www.paypalobjects.com/paypal-ui/icons/svg/cart.svg]
[www.paypalobjects.com/webstatic/mktg/icons/sprite_countries_flag4.png]
[www.paypalobjects.com/images/shared/paypal_circular@3x.png]
[www.paypalobjects.com/images/shared/paypal_spinner_success_check@3x.gif]
[www.paypalobjects.com/images/shared/cart_circular@3x.png]
[www.paypalobjects.com/images/shared/cart_spinner_success_check@3x.gif]
[www.paypalobjects.com/images/shared/blue_fingerprint@3x.png]
[www.paypalobjects.com/images/shared/sprite_forms_2x.png]
[www.paypalobjects.com/images/shared/icon_profile_placeholder@2x.png]
[www.paypalobjects.com/paypal-ui/icons/v3/svg/trophy.svg]
[www.paypalobjects.com/paypal-ui/icons/v3/svg/deals.svg]
[www.paypalobjects.com/images/unifiedLogin/otpLoginSms.png]
[www.paypalobjects.com/paypal-ui/icons/svg/mobile.svg]
[www.paypalobjects.com/paypal-ui/illustrations/svg/warning.svg]
[www.paypalobjects.com/paypal-ui/illustrations/svg/critical.svg]
[www.paypalobjects.com/images/checkout/venmo/paypal_venmo.png]
[www.paypalobjects.com/images/unifiedLogin/cross.svg]
[www.paypalobjects.com/images/unifiedLogin/biometric-icon.svg]
[www.paypalobjects.com/images/unifiedLogin/fingerprint.svg]
[www.paypalobjects.com/images/unifiedLogin/number-pad.svg]
[www.paypalobjects.com/images/shared/fingerprint-paypal.png]
[www.paypalobjects.com/images/shared/fingerprint-paypal_2x.png]
[www.paypalobjects.com/images/unifiedLogin/identity-phone-v2.svg]
[www.paypalobjects.com/images/unifiedLogin/secure.svg]
[www.paypalobjects.com/images/unifiedLogin/device.svg]
[www.paypalobjects.com/images/unifiedLogin/change.svg]
[www.paypalobjects.com/images/shared/icon_android_fp.png]
[www.paypalobjects.com/images/shared/icon_android_fp_2x.png]
[www.paypalobjects.com/images/shared/fingerprint-error.png]
[www.paypalobjects.com/images/shared/fingerprint-error_2x.png]
[www.paypalobjects.com/images/unifiedLogin/Checkmark.svg]
[www.paypalobjects.com/images/unifiedLogin/ellipse-icon.svg]
[www.paypalobjects.com/images/unifiedLogin/passkeyNumberPad.svg]
[www.paypalobjects.com/images/unifiedLogin/passkeyContentFinger.svg]
[www.paypalobjects.com/images/unifiedLogin/passkeyContentFace.svg]
[www.paypalobjects.com/images/unifiedLogin/passkeyDashIcon.svg]
[www.paypalobjects.com/images/unifiedLogin/passkeyIconFrame.svg]
[www.paypalobjects.com/images/unifiedLogin/paypal-wordmark-color-logo.svg]
[www.paypalobjects.com/images/unifiedLogin/close-icon.svg]
[www.paypalobjects.com/images/unifiedLogin/passkeyHowCheckmark.svg]
[www.paypalobjects.com/images/shared/icon-cart-d.svg]
[www.paypalobjects.com/images/shared/icon-Google-account-d.svg]
[www.paypalobjects.com/images/shared/icon-cross_device-d.svg]
[www.paypalobjects.com/paypal-ui/icons/svg/close.svg]
[www.paypalobjects.com/paypal-ui/icons/svg/chevron-right.svg]
[www.paypalobjects.com/paypal-ui/icons/svg/check-circle-alt.svg]
[www.paypalobjects.com/images/unifiedLogin/ic_iCloudKeychain_blue.png]
[www.paypalobjects.com/images/unifiedLogin/ic_iCloudKeychain_gray_finger.png]
[www.paypalobjects.com/images/unifiedLogin/external-alt-blue.svg]
[www.paypalobjects.com/images/unifiedLogin/type_warning.svg]
[www.paypalobjects.com/images/unifiedLogin/Passkey_error.svg]
[www.paypalobjects.com/images/unifiedLogin/sign-in-with-apple-animation_4.gif]
[www.paypalobjects.com/web/res/4d0/e555934aad7274530d6806de4b918/css/contextualLoginElementalUIv2.css]
[www.paypalobjects.com/en_US/i/pui/apple-touch-icon.png]
[www.paypalobjects.com/paypal-ui/web/fonts-and-normalize/3-0-0/fonts-and-normalize.min.css]
[www.paypalobjects.com/web/res/743/3a4c1ecd5cea5e14a5a7a4444378d/css/app.css]
[www.sandbox.paypal.com/authflow/email-recovery/index8034.html]
[www.sandbox.paypal.com/authflow/password-recovery/index8093.html]
[www.paypalobjects.com/martech/staging/tm/paypal/gtm-bootstrap.js]
[www.paypalobjects.com/web/res/743/3a4c1ecd5cea5e14a5a7a4444378d/js/app.js]
[www.sandbox.paypal.com/us/webapps/mpp/account-selection.html]
[www.sandbox.paypal.com/signin569e.html]
[www.sandbox.paypal.com/authflow/password-recovery/indexb9d5.html]
[www.sandbox.paypal.com/signin1f88.html]
[www.sandbox.paypal.com/signin74c4.html]
[www.sandbox.paypal.com/authflow/email-recovery/indexc38f.html]
[www.sandbox.paypal.com/authflow/password-recovery/index889b.html]
[www.sandbox.paypal.com/authflow/email-recovery/indexf5bc.html]
[www.sandbox.paypal.com/signindec5.html]
[www.paypalobjects.com/paypal-ui/web/fonts-and-normalize/3-1-0/fonts-and-normalize.min.css]
[www.sandbox.paypal.com/authflow/email-recovery/indexe5d8.html]
[www.paypalobjects.com/webstatic/icon/favicon.ico]
[www.paypalobjects.com/paypal-ui/fonts/PayPalPro-Black.woff2]
[www.sandbox.paypal.com/authflow/password-recovery/index2d7f.html]
[www.paypalobjects.com/web/res/helpcenter/_next/static/css/59845238f6c5869996c6.css]
[www.paypalobjects.com/web/res/helpcenter/_next/static/css/a16b747e441b7f6a96c6.css]
[www.paypalobjects.com/web/res/helpcenter/_next/static/css/af9b18f33c62500e96c6.css]
[www.paypalobjects.com/web/res/helpcenter/_next/static/css/6f4ceb7aabc5388796c6.css]
[www.paypalobjects.com/web/res/helpcenter/_next/static/css/4e650aa9b21b3eff96c6.css]
[www.paypalobjects.com/web/res/helpcenter/_next/static/css/b5bc922e620442b396c6.css]
[www.paypalobjects.com/web/res/helpcenter/_next/static/chunks/polyfills-42372ed130431b0a96c6.js]
[www.paypalobjects.com/web/res/helpcenter/_next/static/chunks/4542.1ffec8436b00329b96c6.js]
[www.paypalobjects.com/web/res/helpcenter/_next/static/chunks/924.48676758263b3b6b96c6.js]
[www.paypalobjects.com/web/res/helpcenter/_next/static/chunks/1957.803f8648c5883ebf96c6.js]
[www.paypalobjects.com/web/res/helpcenter/_next/static/chunks/1720.eb34b1cd5d292d8996c6.js]
[www.paypalobjects.com/web/res/helpcenter/_next/static/chunks/2909-71c6602fddb1c68596c6.js]
[www.paypalobjects.com/web/res/helpcenter/_next/static/chunks/1040-d79bdc33360f784e96c6.js]
[www.paypalobjects.com/web/res/helpcenter/_next/static/chunks/4138.e38e9a87a9c8267796c6.js]
[www.paypalobjects.com/web/res/helpcenter/_next/static/chunks/4587-138cc91633c4a5bc96c6.js]
[www.paypalobjects.com/web/res/helpcenter/_next/static/chunks/7828.2e84490390b4455796c6.js]
[www.paypalobjects.com/web/res/helpcenter/_next/static/chunks/9144.560a437ee7754faa96c6.js]
[www.paypalobjects.com/web/res/helpcenter/_next/static/chunks/6840.4eb66a077dcf73c796c6.js]
[www.paypalobjects.com/web/res/helpcenter/_next/static/chunks/webpack-3688f6d1a58a1fc796c6.js]
[www.paypalobjects.com/web/res/helpcenter/_next/static/chunks/framework-97862ef36bc4065f96c6.js]
[www.paypalobjects.com/web/res/helpcenter/_next/static/chunks/main-588539853ba1744196c6.js]
[www.paypalobjects.com/web/res/helpcenter/_next/static/chunks/pages/_app-b69a7f3b4f7e776a96c6.js]
[www.paypalobjects.com/web/res/helpcenter/_next/static/chunks/6249-f6c6360639c425a696c6.js]
[www.paypalobjects.com/web/res/helpcenter/_next/static/chunks/pages/[...experience]-881165be43d3f5d796c6.js]
[www.paypalobjects.com/web/res/helpcenter/_next/static/6SXMDA8CndWR84b9V3rqB/_buildManifest96c6.js]
[www.paypalobjects.com/web/res/helpcenter/_next/static/6SXMDA8CndWR84b9V3rqB/_ssgManifest96c6.js]
[www.paypalobjects.com/marketing/pp-com-components/fonts/PayPal Pro/PayPalProSWeb-Book.woff2]
[www.paypalobjects.com/marketing/pp-com-components/fonts/PayPal Pro/PayPalProSWeb-Black.woff2]
[www.paypalobjects.com/marketing/pp-com-components/fonts/PayPalPro/PayPalProTextVFWeb.woff2]
[www.paypalobjects.com/marketing/web/icons/monogram/pp64.png]
[www.paypalobjects.com/marketing/web/icons/monogram/pp72.png]
[www.paypalobjects.com/marketing/web/icons/monogram/pp114.png]
[www.paypalobjects.com/marketing/web/icons/monogram/pp144.png]
[www.paypalobjects.com/marketing/web/icons/monogram/pp258.png]
[www.paypalobjects.com/marketing/web/icons/monogram/pp32.png]
[www.paypalobjects.com/marketing/web/icons/monogram/pp196.png]
[www.paypalobjects.com/globalnav/css/themes/ppe-CSBB2Tl4.css]
[www.paypalobjects.com/globalnav/css/main-BmnKQ7ZS.css]
[www.paypalobjects.com/globalnav/js/main-C0v6eX6I.js]
[www.sandbox.paypal.com/signin6b61.html]
[www.sandbox.paypal.com/us/cshelp/business.html]
[www.sandbox.paypal.com/us/cshelp/technical.html]
[www.sandbox.paypal.com/smc/async.html]
[www.paypalobjects.com/ncp-ui-web/consumer-home/8.2.3-legacy-v2/consent.min.css]
[www.sandbox.paypal.com/us/cshelp/personal.html]
[www.sandbox.paypal.com/us/webapps/mpp/country-worldwide.html]
[www.sandbox.paypal.com/myaccount/privacy/cookiePrefs97fa.html]
[www.paypalobjects.com/webcaptcha/ancetorOrigins]
[www.paypalobjects.com/webcaptcha/document.referrer]
[www.paypalobjects.com/webcaptcha/grcenterprise_v3_static.html]
[www.paypalobjects.com/webstatic/mktg/2014design/fonts/v1.1/PP-Utility-v1.11034.svg]
[www.paypalobjects.com/webstatic/mktg/2014design/fonts/v1.1/PP-Web-v1.11034.svg]
[www.paypalobjects.com/webstatic/fnt/cweb/paypal-icons_1-0-3/PayPalIcons-Regular.svg]
[www.paypalobjects.com/webstatic/mktg/2014design/font/PP-Sans/PayPalSansBig-Bold.svg]
[www.paypalobjects.com/webstatic/mktg/2014design/font/PP-Sans/PayPalSansBig-Light.svg]
[www.paypalobjects.com/webstatic/mktg/2014design/font/PP-Sans/PayPalSansBig-Medium.svg]
[www.paypalobjects.com/webstatic/mktg/2014design/font/PP-Sans/PayPalSansBig-Regular.svg]
[www.paypalobjects.com/webstatic/mktg/2014design/font/PP-Sans/PayPalSansBig-Thin.svg]
[www.paypalobjects.com/webstatic/mktg/2014design/font/PP-Sans/PayPalSansSmall-Boldd41d.html]
[www.paypalobjects.com/webstatic/mktg/2014design/font/PP-Sans/PayPalSansSmall-Bold.svg]
[www.paypalobjects.com/webstatic/mktg/2014design/font/PP-Sans/PayPalSansSmall-Light.svg]
[www.paypalobjects.com/webstatic/mktg/2014design/font/PP-Sans/PayPalSansSmall-Medium.svg]
[www.paypalobjects.com/webstatic/mktg/2014design/font/PP-Sans/PayPalSansSmall-Regular.svg]
[www.paypalobjects.com/webstatic/mktg/2014design/font/PP-Sans/PayPalSansSmall-Thin.html]
[www.paypalobjects.com/webstatic/mktg/2014design/font/PP-Sans/PayPalSansSmall-Thind41d.html]
[www.paypalobjects.com/webstatic/mktg/2014design/font/PP-Sans/PayPalSansSmall-Thin-2.html]
[www.paypalobjects.com/webstatic/mktg/2014design/font/PP-Sans/PayPalSansSmall-Thin-3.html]
[www.paypalobjects.com/web/res/4d0/e555934aad7274530d6806de4b918/css/sprite_form.html]
[www.paypalobjects.com/web/res/4d0/e555934aad7274530d6806de4b918/css/sprite_form_2x.html]
[www.paypalobjects.com/paypal-ui/logos/svg/paypal-mark-color.svg]
[www.paypalobjects.com/images/unifiedLogin/Passkey.svg]
[www.paypalobjects.com/images/shared/paypal-logo-129x32.svg]
[www.paypalobjects.com/paypal-ui/icons/svg/cart.svg]
[www.paypalobjects.com/paypal-ui/icons/v3/svg/trophy.svg]
[www.paypalobjects.com/paypal-ui/icons/v3/svg/deals.svg]
[www.paypalobjects.com/paypal-ui/icons/svg/mobile.svg]
[www.paypalobjects.com/paypal-ui/illustrations/svg/warning.svg]
[www.paypalobjects.com/paypal-ui/illustrations/svg/critical.svg]
[www.paypalobjects.com/images/unifiedLogin/cross.svg]
[www.paypalobjects.com/images/unifiedLogin/biometric-icon.svg]
[www.paypalobjects.com/images/unifiedLogin/fingerprint.svg]
[www.paypalobjects.com/images/unifiedLogin/number-pad.svg]
[www.paypalobjects.com/images/unifiedLogin/identity-phone-v2.svg]
[www.paypalobjects.com/images/unifiedLogin/secure.svg]
[www.paypalobjects.com/images/unifiedLogin/device.svg]
[www.paypalobjects.com/images/unifiedLogin/change.svg]
[www.paypalobjects.com/images/unifiedLogin/Checkmark.svg]
[www.paypalobjects.com/images/unifiedLogin/ellipse-icon.svg]
[www.paypalobjects.com/images/unifiedLogin/passkeyNumberPad.svg]
[www.paypalobjects.com/images/unifiedLogin/passkeyContentFinger.svg]
[www.paypalobjects.com/images/unifiedLogin/passkeyContentFace.svg]
[www.paypalobjects.com/images/unifiedLogin/passkeyDashIcon.svg]
[www.paypalobjects.com/images/unifiedLogin/passkeyIconFrame.svg]
[www.paypalobjects.com/images/unifiedLogin/paypal-wordmark-color-logo.svg]
[www.paypalobjects.com/images/unifiedLogin/close-icon.svg]
[www.paypalobjects.com/images/unifiedLogin/passkeyHowCheckmark.svg]
[www.paypalobjects.com/images/shared/icon-cart-d.svg]
[www.paypalobjects.com/images/shared/icon-Google-account-d.svg]
[www.paypalobjects.com/images/shared/icon-cross_device-d.svg]
[www.paypalobjects.com/paypal-ui/icons/svg/close.svg]
[www.paypalobjects.com/paypal-ui/icons/svg/chevron-right.svg]
[www.paypalobjects.com/paypal-ui/icons/svg/check-circle-alt.svg]
[www.paypalobjects.com/images/unifiedLogin/external-alt-blue.svg]
[www.paypalobjects.com/images/unifiedLogin/type_warning.svg]
[www.paypalobjects.com/images/unifiedLogin/Passkey_error.svg]
[www.paypalobjects.com/paypal-ui/fonts/PayPalPlain-Bold.woff2]
[www.paypalobjects.com/paypal-ui/web/fonts-and-normalize/3-0-0/fonts-and-normalize.min.css]
[www.paypalobjects.com/paypal-ui/components/flags/1x.png]
[www.paypalobjects.com/paypal-ui/components/flags/2x.png]
[www.paypalobjects.com/paypal-ui/components/flags/round1x.png]
[www.paypalobjects.com/paypal-ui/components/flags/round2x.png]
[www.paypalobjects.com/ui-web/vx-icons/2-0-2/PayPalVXIcons-Regular.eot]
[www.paypalobjects.com/web/res/743/3a4c1ecd5cea5e14a5a7a4444378d/css/sprite_form.png]
[www.paypalobjects.com/web/res/743/3a4c1ecd5cea5e14a5a7a4444378d/css/_lib/sprite_form_2x.png]
[www.paypalobjects.com/web/res/743/3a4c1ecd5cea5e14a5a7a4444378d/css/app.css]
[www.sandbox.paypal.com/authflow/email-recovery/'/signin'/index.html]
[www.sandbox.paypal.com/authflow/password-recovery/'/signin'/index.html]
[www.sandbox.paypal.com/authflow/email-recovery/indexf5bc.html]
[www.sandbox.paypal.com/authflow/password-recovery/indexb9d5.html]
[www.sandbox.paypal.com/authflow/email-recovery/indexc38f.html]
[www.sandbox.paypal.com/authflow/password-recovery/index889b.html]
[www.sandbox.paypal.com/authflow/email-recovery/indexe5d8.html]
[www.sandbox.paypal.com/authflow/password-recovery/index2d7f.html]
[www.paypalobjects.com/index.html]
[www.paypalobjects.com/paypal-ui/web/fonts-and-normalize/3-1-0/fonts-and-normalize.min.css]
[www.paypalobjects.com/web/res/helpcenter/_next/static/css/59845238f6c5869996c6.css]
[www.paypalobjects.com/web/res/helpcenter/_next/static/css/a16b747e441b7f6a96c6.css]
[www.paypalobjects.com/web/res/helpcenter/_next/static/css/af9b18f33c62500e96c6.css]
[www.paypalobjects.com/web/res/helpcenter/_next/static/css/6f4ceb7aabc5388796c6.css]
[www.paypalobjects.com/web/res/helpcenter/_next/static/css/4e650aa9b21b3eff96c6.css]
[www.paypalobjects.com/web/res/helpcenter/_next/static/css/b5bc922e620442b396c6.css]
[www.sandbox.paypal.com/signin.html]
[www.paypalobjects.com/marketing/web/logos/paypal-wordmark-color_new.svg]
[www.paypalobjects.com/globalnav/css/themes/ppe-CSBB2Tl4.css]
[www.paypalobjects.com/digitalassets/c/website/marketing/global/shared/global/country-worldwide/sprite_countries_flag5.png]
[www.paypalobjects.com/globalnav/css/main-BmnKQ7ZS.css]
[www.paypalobjects.com/marketing/web/logos/paypal-mark-color_new.svg]
[www.paypalobjects.com/marketing/web/US/en/rebrand/pictograms/personal-app.svg]
[www.paypalobjects.com/marketing/web/US/en/rebrand/pictograms/personal-how-it-works.svg]
[www.paypalobjects.com/marketing/web/US/en/rebrand/pictograms/smart-blue.svg]
[www.paypalobjects.com/marketing/web/US/en/rebrand/pictograms/business-start.svg]
[www.paypalobjects.com/marketing/web/US/en/rebrand/pictograms/business-pricing.svg]
[www.paypalobjects.com/paypal-ui/icons/v5/svg/resolution.svg]
[www.sandbox.paypal.com/disputes/dashboard/index.html]
[www.paypalobjects.com/paypal-ui/icons/v5/svg/bill-payment.svg]
[www.sandbox.paypal.com/signin4023.html]
[www.sandbox.paypal.com/signin6807.html]
[www.sandbox.paypal.com/signinfcbf.html]
[www.sandbox.paypal.com/signin0ac1.html]
[www.sandbox.paypal.com/signin6b61.html]
[www.sandbox.paypal.com/signind2d6.html]
[www.paypalobjects.com/paypal-ui/icons/v5/svg/business.svg]
[www.paypalobjects.com/web/res/helpcenter/_next/static/chunks/8514.8a244dffa842f8b196c6.js]
[www.paypalobjects.com/web/res/helpcenter/_next/static/chunks/4338.ae3a20ad74f5bb4096c6.js]
[www.sandbox.paypal.com/us/cshelp/contact-us.html]
[www.sandbox.paypal.com/us/cshelp/business.html]
[www.paypalobjects.com/paypal-ui/icons/v5/svg/desktop.svg]
[www.paypalobjects.com/web/res/helpcenter/_next/static/chunks/8567-168eba983e1bbd3996c6.js]
[www.sandbox.paypal.com/us/cshelp/technical.html]
[www.paypalobjects.com/paypal-ui/icons/v5/svg/message-center.svg]
[www.paypalobjects.com/paypal-ui/icons/v5/svg/contact-us.svg]
[www.paypalobjects.com/webstatic/icon/pp196.png]
[www.paypalobjects.com/webstatic/icon/pp32.png]
[www.sandbox.paypal.com/smc/async.html]
[www.paypalobjects.com/ncp-ui-web/consumer-home/8.2.3-legacy-v2/consent.min.css]
[www.paypalobjects.com/paypal-ui/fonts/PayPalPlain-Medium.woff2]
[www.paypalobjects.com/paypal-ui/fonts/PayPalPlain-Regular.woff2]
[www.paypalobjects.com/web/res/49b/c04e2773d83faf49f49fbbfbf861b/css/smc.css]
[www.paypalobjects.com/web/res/81a/38fab96057903206b485fc400f790/js/client/main.css]
[www.paypalobjects.com/web/res/81a/38fab96057903206b485fc400f790/js/client/index.html]
[www.sandbox.paypal.com/signin16e7.html]
[www.sandbox.paypal.com/myaccount/privacy/cookiePrefs97fa.html]
[www.paypalobjects.com/webcaptcha/ancetorOrigins.html]
[www.paypalobjects.com/webcaptcha/document.html]
[www.paypalobjects.com/web/res/743/3a4c1ecd5cea5e14a5a7a4444378d/css/sprite_form.html]
[www.paypalobjects.com/web/res/743/3a4c1ecd5cea5e14a5a7a4444378d/css/_lib/sprite_form_2x.html]
[www.paypalobjects.com/web/res/81a/38fab96057903206b485fc400f790/js/client/bundle.js]
[www.sandbox.paypal.com/signin89ed.html]
[www.sandbox.paypal.com/signin9e43.html]
[www.sandbox.paypal.com/signinac2e.html]
[www.sandbox.paypal.com/signin.html]
[www.paypalobjects.com/marketing/web/logos/paypal-wordmark-color_new.svg]
[www.paypalobjects.com/marketing/web/logos/paypal-mark-color_new.svg]
[www.paypalobjects.com/marketing/web/US/en/rebrand/pictograms/personal-app.svg]
[www.paypalobjects.com/marketing/web/US/en/rebrand/pictograms/personal-how-it-works.svg]
[www.paypalobjects.com/marketing/web/US/en/rebrand/pictograms/smart-blue.svg]
[www.paypalobjects.com/marketing/web/US/en/rebrand/pictograms/business-start.svg]
[www.paypalobjects.com/marketing/web/US/en/rebrand/pictograms/business-pricing.svg]
[www.paypalobjects.com/paypal-ui/icons/v5/svg/resolution.svg]
[www.sandbox.paypal.com/signinf85e.html]
[www.sandbox.paypal.com/signin3065.html]
[www.sandbox.paypal.com/signincc01.html]
[www.sandbox.paypal.com/signina37c.html]
[www.sandbox.paypal.com/signin4023.html]
[www.paypalobjects.com/paypal-ui/icons/v5/svg/bill-payment.svg]
[www.sandbox.paypal.com/authflow/email-recovery/index6d81.html]
[www.sandbox.paypal.com/authflow/password-recovery/indexe6bb.html]
[www.sandbox.paypal.com/signin6807.html]
[www.sandbox.paypal.com/signin5cc7.html]
[www.sandbox.paypal.com/signinfcbf.html]
[www.sandbox.paypal.com/signin0ac1.html]
[www.sandbox.paypal.com/signind2d6.html]
[www.paypalobjects.com/paypal-ui/icons/v5/svg/business.svg]
[www.paypalobjects.com/paypal-ui/icons/v5/svg/payouts.svg]
[www.sandbox.paypal.com/brc/index.html]
[www.paypalobjects.com/paypal-ui/icons/v5/svg/critical.svg]
[www.paypalobjects.com/paypal-ui/icons/v5/svg/human.svg]
[www.sandbox.paypal.com/us/home.html]
[www.paypalobjects.com/web/res/helpcenter/_next/static/css/cd9bd48496d5220296c6.css]
[www.paypalobjects.com/web/res/helpcenter/_next/static/css/08be12e8652b138696c6.css]
[www.paypalobjects.com/web/res/helpcenter/_next/static/css/49cd3708ae9b47c596c6.css]
[www.sandbox.paypal.com/us/cshelp/contact-us6481.html]
[www.paypalobjects.com/web/res/helpcenter/_next/static/css/5b3ff8a65ca9955d96c6.css]
[www.paypalobjects.com/web/res/helpcenter/_next/static/css/da12e52d1744b94696c6.css]
[www.paypalobjects.com/web/res/helpcenter/_next/static/chunks/2177.185df784d46f2a2a96c6.js]
[www.paypalobjects.com/web/res/helpcenter/_next/static/chunks/7332-5f8d867b2fafa33596c6.js]
[www.paypalobjects.com/web/res/helpcenter/_next/static/chunks/9844-e981fd941844e5b596c6.js]
[www.paypalobjects.com/web/res/helpcenter/_next/static/chunks/9731.4627ce7c68b2c11a96c6.js]
[www.paypalobjects.com/web/res/helpcenter/_next/static/chunks/1664-f277a938da8073db96c6.js]
[www.paypalobjects.com/web/res/helpcenter/_next/static/chunks/8631-4da343aa256aedfc96c6.js]
[www.paypalobjects.com/web/res/helpcenter/_next/static/chunks/pages/contact-us-b3fb74d8f932552796c6.js]
[www.sandbox.paypal.com/us/cshelp/contact-us.html]
[www.paypalobjects.com/paypal-ui/icons/v5/svg/desktop.svg]
[www.paypalobjects.com/paypal-ui/icons/v5/svg/contact-us.svg]
[www.paypalobjects.com/paypal-ui/icons/v5/svg/message-center.svg]
[www.paypalobjects.com/paypal-ui/icons/v5/svg/code.svg]
[www.paypalobjects.com/paypal-ui/icons/v5/svg/help.svg]
[www.sandbox.paypal.com/myaccount/privacy/cookiePrefs4714.html]
[www.paypalobjects.com/ui-web/paypal-sans-small/1-0-0/PayPalSansSmall-Regular.woff2]
[www.paypalobjects.com/ui-web/paypal-sans-small/1-0-0/PayPalSansSmall-Regular.eot]
[www.paypalobjects.com/ui-web/paypal-sans-small/1-0-0/PayPalSansSmall-Regular.woff]
[www.paypalobjects.com/ui-web/paypal-sans-small/1-0-0/PayPalSansSmall-Regular.svg]
[www.paypalobjects.com/ui-web/paypal-sans-small/1-0-0/PayPalSansSmall-Medium.eot]
[www.paypalobjects.com/ui-web/paypal-sans-small/1-0-0/PayPalSansSmall-Medium.woff2]
[www.paypalobjects.com/ui-web/paypal-sans-small/1-0-0/PayPalSansSmall-Medium.woff]
[www.paypalobjects.com/ui-web/paypal-sans-small/1-0-0/PayPalSansSmall-Medium.svg]
[www.paypalobjects.com/ui-web/paypal-sans-big/1-0-0/PayPalSansBig-Light.woff2]
[www.paypalobjects.com/ui-web/paypal-sans-big/1-0-0/PayPalSansBig-Light.eot]
[www.paypalobjects.com/ui-web/paypal-sans-big/1-0-0/PayPalSansBig-Light.woff]
[www.paypalobjects.com/ui-web/paypal-sans-big/1-0-0/PayPalSansBig-Light.svg]
[www.paypalobjects.com/ui-web/paypal-sans-big/1-0-0/PayPalSansBig-Regular.eot]
[www.paypalobjects.com/ui-web/paypal-sans-big/1-0-0/PayPalSansBig-Regular.woff2]
[www.paypalobjects.com/ui-web/paypal-sans-big/1-0-0/PayPalSansBig-Regular.woff]
[www.paypalobjects.com/ui-web/paypal-sans-big/1-0-0/PayPalSansBig-Regular.svg]
[www.paypalobjects.com/webstatic/sprite/sprite_logos_wallet_2x.png]
[www.paypalobjects.com/webstatic/i/ex_me2/sprite/Activity_Sprite_2x.png]
[www.paypalobjects.com/web/res/49b/c04e2773d83faf49f49fbbfbf861b/fonts/glyphicons-halflings-regular.eot]
[www.paypalobjects.com/web/res/49b/c04e2773d83faf49f49fbbfbf861b/fonts/glyphicons-halflings-regulard41d.eot]
[www.paypalobjects.com/web/res/49b/c04e2773d83faf49f49fbbfbf861b/fonts/glyphicons-halflings-regular.woff2]
[www.paypalobjects.com/web/res/49b/c04e2773d83faf49f49fbbfbf861b/fonts/glyphicons-halflings-regular.woff]
[www.paypalobjects.com/web/res/49b/c04e2773d83faf49f49fbbfbf861b/fonts/glyphicons-halflings-regular.ttf]
[www.paypalobjects.com/web/res/49b/c04e2773d83faf49f49fbbfbf861b/fonts/glyphicons-halflings-regular.svg]
[www.paypalobjects.com/ui-web/vx-icons/2-0-1/PayPalVXIcons-Regular.eot]
[www.paypalobjects.com/ui-web/vx-icons/2-0-1/PayPalVXIcons-Regulard41d.eot]
[www.paypalobjects.com/ui-web/vx-icons/2-0-1/PayPalVXIcons-Regular.woff]
[www.paypalobjects.com/ui-web/vx-icons/2-0-1/PayPalVXIcons-Regular.ttf]
[www.paypalobjects.com/ui-web/vx-icons/2-0-1/PayPalVXIcons-Regular.svg]
[www.paypalobjects.com/ui-web/iconfont-consumer/3-4-0/fonts/ConsumerIcons-Regular.eot]
[www.paypalobjects.com/ui-web/iconfont-consumer/3-4-0/fonts/ConsumerIcons-Regulard41d.eot]
[www.paypalobjects.com/ui-web/iconfont-consumer/3-4-0/fonts/ConsumerIcons-Regular.woff]
[www.paypalobjects.com/ui-web/iconfont-consumer/3-4-0/fonts/ConsumerIcons-Regular.ttf]
[www.paypalobjects.com/ui-web/iconfont-consumer/3-4-0/fonts/ConsumerIcons-Regular.svg]
[www.paypalobjects.com/digitalassets/c/paypal-ui/icons/24/subtract_24_blue.svg]
[www.paypalobjects.com/web/res/49b/c04e2773d83faf49f49fbbfbf861b/css/smc.css]
[www.paypalobjects.com/web/res/81a/38fab96057903206b485fc400f790/js/client/index.html]
[www.paypalobjects.com/paypal-ui/pictograms/blue/svg/security-blue.svg]
[www.paypalobjects.com/web/res/81a/38fab96057903206b485fc400f790/js/client/main.css]
[www.sandbox.paypal.com/signin3d74.html]
[www.sandbox.paypal.com/signin2260.html]
[www.sandbox.paypal.com/signin00a4.html]
[www.sandbox.paypal.com/signin16e7.html]
[www.sandbox.paypal.com/signin89ed.html]
[www.sandbox.paypal.com/signind831.html]
[www.sandbox.paypal.com/signin9e43.html]
[www.sandbox.paypal.com/signinac2e.html]
[www.sandbox.paypal.com/signinf85e.html]
[www.sandbox.paypal.com/authflow/email-recovery/indexc5c6.html]
[www.sandbox.paypal.com/authflow/password-recovery/indexaaf4.html]
[www.sandbox.paypal.com/authflow/email-recovery/index83a9.html]
[www.sandbox.paypal.com/authflow/password-recovery/indexc055.html]
[www.sandbox.paypal.com/signin3065.html]
[www.sandbox.paypal.com/signincc01.html]
[www.sandbox.paypal.com/signina37c.html]
[www.sandbox.paypal.com/signin5cc7.html]
[www.sandbox.paypal.com/authflow/email-recovery/index5bad.html]
[www.sandbox.paypal.com/authflow/password-recovery/indexe093.html]
[www.sandbox.paypal.com/authflow/email-recovery/indexa130.html]
[www.sandbox.paypal.com/authflow/password-recovery/index3f03.html]
[www.sandbox.paypal.com/authflow/email-recovery/index47a5.html]
[www.sandbox.paypal.com/authflow/password-recovery/index77e1.html]
[www.sandbox.paypal.com/authflow/email-recovery/index2113.html]
[www.sandbox.paypal.com/authflow/password-recovery/indexc0e2.html]
[www.paypalobjects.com/paypal-ui/icons/v5/svg/payouts.svg]
[www.sandbox.paypal.com/us/home.html]
[www.paypalobjects.com/paypal-ui/icons/v5/svg/critical.svg]
[www.paypalobjects.com/paypal-ui/icons/v5/svg/human.svg]
[www.sandbox.paypal.com/us/cshelp/contact-us6481.html]
[www.paypalobjects.com/web/res/helpcenter/_next/static/css/cd9bd48496d5220296c6.css]
[www.paypalobjects.com/web/res/helpcenter/_next/static/css/08be12e8652b138696c6.css]
[www.paypalobjects.com/web/res/helpcenter/_next/static/css/49cd3708ae9b47c596c6.css]
[www.paypalobjects.com/web/res/helpcenter/_next/static/css/5b3ff8a65ca9955d96c6.css]
[www.paypalobjects.com/web/res/helpcenter/_next/static/css/da12e52d1744b94696c6.css]
[www.paypalobjects.com/marketing/web/US/en/rebrand/pictograms/enterprise-contact.svg]
[www.sandbox.paypal.com/myaccount/privacy/cookiePrefs4714.html]
[www.paypalobjects.com/paypal-ui/icons/v5/svg/code.svg]
[www.paypalobjects.com/paypal-ui/icons/v5/svg/help.svg]
[www.paypalobjects.com/ui-web/paypal-sans-small/1-0-0/PayPalSansSmall-Regular.svg]
[www.paypalobjects.com/ui-web/paypal-sans-small/1-0-0/PayPalSansSmall-Medium.svg]
[www.paypalobjects.com/ui-web/paypal-sans-big/1-0-0/PayPalSansBig-Light.svg]
[www.paypalobjects.com/ui-web/paypal-sans-big/1-0-0/PayPalSansBig-Regular.svg]
[www.paypalobjects.com/web/res/49b/c04e2773d83faf49f49fbbfbf861b/fonts/glyphicons-halflings-regular.svg]
[www.paypalobjects.com/ui-web/vx-icons/2-0-1/PayPalVXIcons-Regular.svg]
[www.paypalobjects.com/ui-web/iconfont-consumer/3-4-0/fonts/ConsumerIcons-Regular.svg]
[www.paypalobjects.com/digitalassets/c/paypal-ui/icons/24/subtract_24_blue.svg]
[www.paypalobjects.com/paypal-ui/pictograms/blue/svg/security-blue.svg]
[www.sandbox.paypal.com/authflow/email-recovery/indexe8c1.html]
[www.sandbox.paypal.com/authflow/password-recovery/index492f.html]
[www.sandbox.paypal.com/signin3d74.html]
[www.sandbox.paypal.com/signin2260.html]
[www.sandbox.paypal.com/signin00a4.html]
[www.sandbox.paypal.com/signind831.html]
[www.sandbox.paypal.com/authflow/email-recovery/indexb5b2.html]
[www.sandbox.paypal.com/authflow/password-recovery/index9ff6.html]
[www.sandbox.paypal.com/authflow/email-recovery/index15aa.html]
[www.sandbox.paypal.com/authflow/password-recovery/index6714.html]
[www.sandbox.paypal.com/authflow/email-recovery/index5ec5.html]
[www.sandbox.paypal.com/authflow/password-recovery/indexd3b8.html]
[www.sandbox.paypal.com/authflow/email-recovery/index2bc8.html]
[www.sandbox.paypal.com/authflow/password-recovery/indexd764.html]
[www.sandbox.paypal.com/authflow/email-recovery/indexcc12.html]
[www.sandbox.paypal.com/authflow/password-recovery/indexa3c9.html]
[www.sandbox.paypal.com/authflow/email-recovery/indexd314.html]
[www.sandbox.paypal.com/authflow/password-recovery/index7067.html]
[www.sandbox.paypal.com/authflow/email-recovery/index0084.html]
[www.sandbox.paypal.com/authflow/password-recovery/indexfb77.html]
[www.sandbox.paypal.com/authflow/email-recovery/indexba09.html]
[www.sandbox.paypal.com/authflow/password-recovery/index42b5.html]
[www.paypalobjects.com/marketing/web/US/en/rebrand/pictograms/enterprise-contact.svg]
[www.sandbox.paypal.com/authflow/email-recovery/index7a30.html]
[www.sandbox.paypal.com/authflow/password-recovery/indexf344.html]
[www.sandbox.paypal.com/authflow/email-recovery/index1e64.html]
[www.sandbox.paypal.com/authflow/password-recovery/index3a1d.html]
[www.sandbox.paypal.com/authflow/email-recovery/indexa489.html]
[www.sandbox.paypal.com/authflow/password-recovery/index932b.html]
[www.sandbox.paypal.com/authflow/email-recovery/indexe757.html]
[www.sandbox.paypal.com/authflow/password-recovery/index9d9f.html]
